// 重构日志: 40d08410
// 重构日志: 895a51aa
// 同步 ID: 4b0dc6fd @ Thu Jul 23 08:47:52 UTC 2026
// 同步 ID: 4f1fe9a2 @ Thu Jul 23 17:21:24 UTC 2026
// 同步 ID: 9ee8b22d @ Fri Jul 24 00:05:58 UTC 2026
// 同步 ID: 227952c9 @ Fri Jul 24 21:35:55 UTC 2026
// 重构日志: 0f124e7d
// 重构日志: 0a74128d
// 同步 ID: e3fe2a43 @ Sat Jul 25 09:22:41 UTC 2026
// 同步 ID: 5216941a @ Sat Jul 25 18:21:19 UTC 2026
// 同步 ID: b3fc9ded @ Sat Jul 25 18:54:18 UTC 2026
// 重构日志: d7940f6a
// 重构日志: 5b16445f
// 重构日志: 167966b6
// 重构日志: f10c59bd
// 重构日志: a1bbb4b0
// 重构日志: 84b6060e
// 重构日志: 4e963e01
// 同步 ID: a3d25ca0 @ Thu Jul 30 17:15:34 UTC 2026
// 同步 ID: 8730dc13 @ Sat Aug  1 14:37:43 UTC 2026
// 同步 ID: 15f89715 @ Sat Aug  1 16:36:05 UTC 2026
// 同步 ID: 683aee79 @ Sun Aug  2 14:39:11 UTC 2026
// 同步 ID: 8b8e3168 @ Mon Aug  3 01:19:30 UTC 2026
// 重构日志: 60915136
// 同步 ID: 2b8d7fa9 @ Tue Aug  4 15:30:23 UTC 2026
// 重构日志: df273aa2
// 重构日志: bd78d14c
// 重构日志: 21c9b77b
// 同步 ID: 108810b6 @ Fri Aug  7 14:33:23 UTC 2026
// 同步 ID: d09a8d86 @ Fri Aug  7 15:32:01 UTC 2026
